
> mjoptics@0.0.0 build
> vite build

[36mvite v7.3.1 [32mbuilding client environment for production...[36m[39m
transforming...
node.exe : Found 1 warning while optimizing generated CSS:
At C:\Program Files\nodejs\npm.ps1:29 char:3
+   & $NODE_EXE $NPM_CLI_JS $args
+   ~~~~~~~~~~~~~~~~~~~~~~~~~~~~~
    + CategoryInfo          : NotSpecified: (Found 1 warning... generated CSS::String) 
    [], RemoteException
    + FullyQualifiedErrorId : NativeCommandError
 

[2m│   }[22m
[2m│ }[22m
[2m│[22m @import url('https://fonts.googleapis.com/css2?family=Geist+Mono:wght@100..9
00&family=Inter:ital,opsz,wght@0,14..32,100..900;1,14..32,100..900&display=swap');
[2m┆[22m        [33m[2m^--[22m @import rules must precede all rules aside from 
@charset and @layer statements[39m
[2m┆[22m
[2m│ @layer base {[22m
[2m│   * {[22m

[32m✓[39m 20 modules transformed.
[31m✗[39m Build failed in 326ms
[31merror during build:
[31m[vite:esbuild] Transform failed with 1 error:
Z:/Client 2/Mjoptics/src/pages/PrecisionLenses.jsx:55:36: ERROR: Syntax error "`"[31m
file: [36mZ:/Client 2/Mjoptics/src/pages/PrecisionLenses.jsx:55:36[31m
[33m
[33mSyntax error "`"[33m
53 |                  <motion.div 
54 |                     className="absolute h-[90%] rounded-full border border-accent 
bg-accent/5 backdrop-blur-sm flex it...
55 |                     style={{ width: \`\${50 + (thickness * 0.4)}%\` }}
   |                                      ^
56 |                  >
57 |                      <div className="absolute left-[-50px] top-1/2 
-translate-y-1/2 text-xs font-mono text-accent font...
[31m
    at failureErrorWithLog (Z:\Client 
2\Mjoptics\node_modules\esbuild\lib\main.js:1467:15)
    at Z:\Client 2\Mjoptics\node_modules\esbuild\lib\main.js:736:50
    at responseCallbacks.<computed> (Z:\Client 
2\Mjoptics\node_modules\esbuild\lib\main.js:603:9)
    at handleIncomingPacket (Z:\Client 
2\Mjoptics\node_modules\esbuild\lib\main.js:658:12)
    at Socket.readFromStdout (Z:\Client 
2\Mjoptics\node_modules\esbuild\lib\main.js:581:7)
    at Socket.emit (node:events:518:28)
    at addChunk (node:internal/streams/readable:561:12)
    at readableAddChunkPushByteMode (node:internal/streams/readable:512:3)
    at Readable.push (node:internal/streams/readable:392:5)
    at Pipe.onStreamRead (node:internal/stream_base_commons:189:23)[39m
